// Vitest Snapshot v1, https://vitest.dev/guide/snapshot.html

exports[`matches snapshot 1`] = `
<DocumentFragment>
  <ul>
    <li>
      Alice
    </li>
  </ul>
</DocumentFragment>
`;
